// Jest Snapshot v1, https://goo.gl/fbAQLP

exports[`should render Header 1`] = `
<div>
   404 -
  <Link
    to="/"
  >
    Go homepage
  </Link>
</div>
`;
